// Jest Snapshot v1, https://goo.gl/fbAQLP

exports[`structure should generate *.js and *.d.ts files when emitTranspiledCode is set to true: structure 1`] = `
"
[type-graphql]
  enhance.d.ts
  enhance.js
  [enums]
    Color.d.ts
    Color.js
    PostScalarFieldEnum.d.ts
    PostScalarFieldEnum.js
    QueryMode.d.ts
    QueryMode.js
    SortOrder.d.ts
    SortOrder.js
    UserScalarFieldEnum.d.ts
    UserScalarFieldEnum.js
    index.d.ts
    index.js
  index.d.ts
  index.js
  [models]
    Post.d.ts
    Post.js
    User.d.ts
    User.js
    index.d.ts
    index.js
  [resolvers]
    [crud]
      [Post]
        AggregatePostResolver.d.ts
        AggregatePostResolver.js
        CreatePostResolver.d.ts
        CreatePostResolver.js
        DeleteManyPostResolver.d.ts
        DeleteManyPostResolver.js
        DeletePostResolver.d.ts
        DeletePostResolver.js
        FindFirstPostResolver.d.ts
        FindFirstPostResolver.js
        FindManyPostResolver.d.ts
        FindManyPostResolver.js
        FindUniquePostResolver.d.ts
        FindUniquePostResolver.js
        PostCrudResolver.d.ts
        PostCrudResolver.js
        UpdateManyPostResolver.d.ts
        UpdateManyPostResolver.js
        UpdatePostResolver.d.ts
        UpdatePostResolver.js
        UpsertPostResolver.d.ts
        UpsertPostResolver.js
        [args]
          AggregatePostArgs.d.ts
          AggregatePostArgs.js
          CreatePostArgs.d.ts
          CreatePostArgs.js
          DeleteManyPostArgs.d.ts
          DeleteManyPostArgs.js
          DeletePostArgs.d.ts
          DeletePostArgs.js
          FindFirstPostArgs.d.ts
          FindFirstPostArgs.js
          FindManyPostArgs.d.ts
          FindManyPostArgs.js
          FindUniquePostArgs.d.ts
          FindUniquePostArgs.js
          UpdateManyPostArgs.d.ts
          UpdateManyPostArgs.js
          UpdatePostArgs.d.ts
          UpdatePostArgs.js
          UpsertPostArgs.d.ts
          UpsertPostArgs.js
          index.d.ts
          index.js
      [User]
        AggregateUserResolver.d.ts
        AggregateUserResolver.js
        CreateUserResolver.d.ts
        CreateUserResolver.js
        DeleteManyUserResolver.d.ts
        DeleteManyUserResolver.js
        DeleteUserResolver.d.ts
        DeleteUserResolver.js
        FindFirstUserResolver.d.ts
        FindFirstUserResolver.js
        FindManyUserResolver.d.ts
        FindManyUserResolver.js
        FindUniqueUserResolver.d.ts
        FindUniqueUserResolver.js
        UpdateManyUserResolver.d.ts
        UpdateManyUserResolver.js
        UpdateUserResolver.d.ts
        UpdateUserResolver.js
        UpsertUserResolver.d.ts
        UpsertUserResolver.js
        UserCrudResolver.d.ts
        UserCrudResolver.js
        [args]
          AggregateUserArgs.d.ts
          AggregateUserArgs.js
          CreateUserArgs.d.ts
          CreateUserArgs.js
          DeleteManyUserArgs.d.ts
          DeleteManyUserArgs.js
          DeleteUserArgs.d.ts
          DeleteUserArgs.js
          FindFirstUserArgs.d.ts
          FindFirstUserArgs.js
          FindManyUserArgs.d.ts
          FindManyUserArgs.js
          FindUniqueUserArgs.d.ts
          FindUniqueUserArgs.js
          UpdateManyUserArgs.d.ts
          UpdateManyUserArgs.js
          UpdateUserArgs.d.ts
          UpdateUserArgs.js
          UpsertUserArgs.d.ts
          UpsertUserArgs.js
          index.d.ts
          index.js
      args.index.d.ts
      args.index.js
      index.d.ts
      index.js
      resolvers-actions.index.d.ts
      resolvers-actions.index.js
      resolvers-crud.index.d.ts
      resolvers-crud.index.js
    [inputs]
      EnumColorFieldUpdateOperationsInput.d.ts
      EnumColorFieldUpdateOperationsInput.js
      EnumColorFilter.d.ts
      EnumColorFilter.js
      IntFieldUpdateOperationsInput.d.ts
      IntFieldUpdateOperationsInput.js
      IntFilter.d.ts
      IntFilter.js
      NestedEnumColorFilter.d.ts
      NestedEnumColorFilter.js
      NestedIntFilter.d.ts
      NestedIntFilter.js
      NestedStringFilter.d.ts
      NestedStringFilter.js
      NestedStringNullableFilter.d.ts
      NestedStringNullableFilter.js
      NullableStringFieldUpdateOperationsInput.d.ts
      NullableStringFieldUpdateOperationsInput.js
      PostCreateInput.d.ts
      PostCreateInput.js
      PostCreateNestedManyWithoutAuthorInput.d.ts
      PostCreateNestedManyWithoutAuthorInput.js
      PostCreateOrConnectWithoutauthorInput.d.ts
      PostCreateOrConnectWithoutauthorInput.js
      PostCreateWithoutAuthorInput.d.ts
      PostCreateWithoutAuthorInput.js
      PostListRelationFilter.d.ts
      PostListRelationFilter.js
      PostOrderByInput.d.ts
      PostOrderByInput.js
      PostScalarWhereInput.d.ts
      PostScalarWhereInput.js
      PostUpdateInput.d.ts
      PostUpdateInput.js
      PostUpdateManyMutationInput.d.ts
      PostUpdateManyMutationInput.js
      PostUpdateManyWithWhereWithoutAuthorInput.d.ts
      PostUpdateManyWithWhereWithoutAuthorInput.js
      PostUpdateManyWithoutAuthorInput.d.ts
      PostUpdateManyWithoutAuthorInput.js
      PostUpdateWithWhereUniqueWithoutAuthorInput.d.ts
      PostUpdateWithWhereUniqueWithoutAuthorInput.js
      PostUpdateWithoutAuthorInput.d.ts
      PostUpdateWithoutAuthorInput.js
      PostUpsertWithWhereUniqueWithoutAuthorInput.d.ts
      PostUpsertWithWhereUniqueWithoutAuthorInput.js
      PostWhereInput.d.ts
      PostWhereInput.js
      PostWhereUniqueInput.d.ts
      PostWhereUniqueInput.js
      StringFieldUpdateOperationsInput.d.ts
      StringFieldUpdateOperationsInput.js
      StringFilter.d.ts
      StringFilter.js
      StringNullableFilter.d.ts
      StringNullableFilter.js
      UserCreateInput.d.ts
      UserCreateInput.js
      UserCreateNestedOneWithoutPostsInput.d.ts
      UserCreateNestedOneWithoutPostsInput.js
      UserCreateOrConnectWithoutpostsInput.d.ts
      UserCreateOrConnectWithoutpostsInput.js
      UserCreateWithoutPostsInput.d.ts
      UserCreateWithoutPostsInput.js
      UserOrderByInput.d.ts
      UserOrderByInput.js
      UserRelationFilter.d.ts
      UserRelationFilter.js
      UserUpdateInput.d.ts
      UserUpdateInput.js
      UserUpdateManyMutationInput.d.ts
      UserUpdateManyMutationInput.js
      UserUpdateOneRequiredWithoutPostsInput.d.ts
      UserUpdateOneRequiredWithoutPostsInput.js
      UserUpdateWithoutPostsInput.d.ts
      UserUpdateWithoutPostsInput.js
      UserUpsertWithoutPostsInput.d.ts
      UserUpsertWithoutPostsInput.js
      UserWhereInput.d.ts
      UserWhereInput.js
      UserWhereUniqueInput.d.ts
      UserWhereUniqueInput.js
      index.d.ts
      index.js
    [outputs]
      AffectedRowsOutput.d.ts
      AffectedRowsOutput.js
      AggregatePost.d.ts
      AggregatePost.js
      AggregateUser.d.ts
      AggregateUser.js
      PostAvgAggregate.d.ts
      PostAvgAggregate.js
      PostCountAggregate.d.ts
      PostCountAggregate.js
      PostMaxAggregate.d.ts
      PostMaxAggregate.js
      PostMinAggregate.d.ts
      PostMinAggregate.js
      PostSumAggregate.d.ts
      PostSumAggregate.js
      UserAvgAggregate.d.ts
      UserAvgAggregate.js
      UserCountAggregate.d.ts
      UserCountAggregate.js
      UserMaxAggregate.d.ts
      UserMaxAggregate.js
      UserMinAggregate.d.ts
      UserMinAggregate.js
      UserSumAggregate.d.ts
      UserSumAggregate.js
      index.d.ts
      index.js
    [relations]
      [Post]
        PostRelationsResolver.d.ts
        PostRelationsResolver.js
      [User]
        UserRelationsResolver.d.ts
        UserRelationsResolver.js
        [args]
          UserPostsArgs.d.ts
          UserPostsArgs.js
          index.d.ts
          index.js
      args.index.d.ts
      args.index.js
      index.d.ts
      index.js
      resolvers.index.d.ts
      resolvers.index.js
"
`;

exports[`structure should generate proper folders and file names when model is renamed: structure 1`] = `
"
[type-graphql]
  enhance.ts
  [enums]
    Color.ts
    QueryMode.ts
    RenamedPostScalarFieldEnum.ts
    RenamedUserScalarFieldEnum.ts
    SortOrder.ts
    index.ts
  index.ts
  [models]
    RenamedPost.ts
    RenamedUser.ts
    index.ts
  [resolvers]
    [crud]
      [RenamedPost]
        AggregateRenamedPostResolver.ts
        CreateRenamedPostResolver.ts
        DeleteManyRenamedPostResolver.ts
        DeleteRenamedPostResolver.ts
        FindFirstRenamedPostResolver.ts
        FindManyRenamedPostResolver.ts
        FindUniqueRenamedPostResolver.ts
        RenamedPostCrudResolver.ts
        UpdateManyRenamedPostResolver.ts
        UpdateRenamedPostResolver.ts
        UpsertRenamedPostResolver.ts
        [args]
          AggregateRenamedPostArgs.ts
          CreateRenamedPostArgs.ts
          DeleteManyRenamedPostArgs.ts
          DeleteRenamedPostArgs.ts
          FindFirstRenamedPostArgs.ts
          FindManyRenamedPostArgs.ts
          FindUniqueRenamedPostArgs.ts
          UpdateManyRenamedPostArgs.ts
          UpdateRenamedPostArgs.ts
          UpsertRenamedPostArgs.ts
          index.ts
      [RenamedUser]
        AggregateRenamedUserResolver.ts
        CreateRenamedUserResolver.ts
        DeleteManyRenamedUserResolver.ts
        DeleteRenamedUserResolver.ts
        FindFirstRenamedUserResolver.ts
        FindManyRenamedUserResolver.ts
        FindUniqueRenamedUserResolver.ts
        RenamedUserCrudResolver.ts
        UpdateManyRenamedUserResolver.ts
        UpdateRenamedUserResolver.ts
        UpsertRenamedUserResolver.ts
        [args]
          AggregateRenamedUserArgs.ts
          CreateRenamedUserArgs.ts
          DeleteManyRenamedUserArgs.ts
          DeleteRenamedUserArgs.ts
          FindFirstRenamedUserArgs.ts
          FindManyRenamedUserArgs.ts
          FindUniqueRenamedUserArgs.ts
          UpdateManyRenamedUserArgs.ts
          UpdateRenamedUserArgs.ts
          UpsertRenamedUserArgs.ts
          index.ts
      args.index.ts
      index.ts
      resolvers-actions.index.ts
      resolvers-crud.index.ts
    [inputs]
      EnumColorFieldUpdateOperationsInput.ts
      EnumColorFilter.ts
      IntFieldUpdateOperationsInput.ts
      IntFilter.ts
      NestedEnumColorFilter.ts
      NestedIntFilter.ts
      NestedStringFilter.ts
      NestedStringNullableFilter.ts
      NullableStringFieldUpdateOperationsInput.ts
      RenamedPostCreateInput.ts
      RenamedPostCreateNestedManyWithoutAuthorInput.ts
      RenamedPostCreateOrConnectWithoutauthorInput.ts
      RenamedPostCreateWithoutAuthorInput.ts
      RenamedPostListRelationFilter.ts
      RenamedPostOrderByInput.ts
      RenamedPostScalarWhereInput.ts
      RenamedPostUpdateInput.ts
      RenamedPostUpdateManyMutationInput.ts
      RenamedPostUpdateManyWithWhereWithoutAuthorInput.ts
      RenamedPostUpdateManyWithoutAuthorInput.ts
      RenamedPostUpdateWithWhereUniqueWithoutAuthorInput.ts
      RenamedPostUpdateWithoutAuthorInput.ts
      RenamedPostUpsertWithWhereUniqueWithoutAuthorInput.ts
      RenamedPostWhereInput.ts
      RenamedPostWhereUniqueInput.ts
      RenamedUserCreateInput.ts
      RenamedUserCreateNestedOneWithoutPostsInput.ts
      RenamedUserCreateOrConnectWithoutpostsInput.ts
      RenamedUserCreateWithoutPostsInput.ts
      RenamedUserOrderByInput.ts
      RenamedUserRelationFilter.ts
      RenamedUserUpdateInput.ts
      RenamedUserUpdateManyMutationInput.ts
      RenamedUserUpdateOneRequiredWithoutPostsInput.ts
      RenamedUserUpdateWithoutPostsInput.ts
      RenamedUserUpsertWithoutPostsInput.ts
      RenamedUserWhereInput.ts
      RenamedUserWhereUniqueInput.ts
      StringFieldUpdateOperationsInput.ts
      StringFilter.ts
      StringNullableFilter.ts
      index.ts
    [outputs]
      AffectedRowsOutput.ts
      AggregateRenamedPost.ts
      AggregateRenamedUser.ts
      RenamedPostAvgAggregate.ts
      RenamedPostCountAggregate.ts
      RenamedPostMaxAggregate.ts
      RenamedPostMinAggregate.ts
      RenamedPostSumAggregate.ts
      RenamedUserAvgAggregate.ts
      RenamedUserCountAggregate.ts
      RenamedUserMaxAggregate.ts
      RenamedUserMinAggregate.ts
      RenamedUserSumAggregate.ts
      index.ts
    [relations]
      [RenamedPost]
        RenamedPostRelationsResolver.ts
      [RenamedUser]
        RenamedUserRelationsResolver.ts
        [args]
          RenamedUserPostsArgs.ts
          index.ts
      args.index.ts
      index.ts
      resolvers.index.ts
"
`;

exports[`structure should generate proper folders structure and file names for complex datamodel: structure 1`] = `
"
[type-graphql]
  enhance.ts
  [enums]
    Color.ts
    PostScalarFieldEnum.ts
    QueryMode.ts
    SortOrder.ts
    UserScalarFieldEnum.ts
    index.ts
  index.ts
  [models]
    Post.ts
    User.ts
    index.ts
  [resolvers]
    [crud]
      [Post]
        AggregatePostResolver.ts
        CreatePostResolver.ts
        DeleteManyPostResolver.ts
        DeletePostResolver.ts
        FindFirstPostResolver.ts
        FindManyPostResolver.ts
        FindUniquePostResolver.ts
        PostCrudResolver.ts
        UpdateManyPostResolver.ts
        UpdatePostResolver.ts
        UpsertPostResolver.ts
        [args]
          AggregatePostArgs.ts
          CreatePostArgs.ts
          DeleteManyPostArgs.ts
          DeletePostArgs.ts
          FindFirstPostArgs.ts
          FindManyPostArgs.ts
          FindUniquePostArgs.ts
          UpdateManyPostArgs.ts
          UpdatePostArgs.ts
          UpsertPostArgs.ts
          index.ts
      [User]
        AggregateUserResolver.ts
        CreateUserResolver.ts
        DeleteManyUserResolver.ts
        DeleteUserResolver.ts
        FindFirstUserResolver.ts
        FindManyUserResolver.ts
        FindUniqueUserResolver.ts
        UpdateManyUserResolver.ts
        UpdateUserResolver.ts
        UpsertUserResolver.ts
        UserCrudResolver.ts
        [args]
          AggregateUserArgs.ts
          CreateUserArgs.ts
          DeleteManyUserArgs.ts
          DeleteUserArgs.ts
          FindFirstUserArgs.ts
          FindManyUserArgs.ts
          FindUniqueUserArgs.ts
          UpdateManyUserArgs.ts
          UpdateUserArgs.ts
          UpsertUserArgs.ts
          index.ts
      args.index.ts
      index.ts
      resolvers-actions.index.ts
      resolvers-crud.index.ts
    [inputs]
      EnumColorFieldUpdateOperationsInput.ts
      EnumColorFilter.ts
      IntFieldUpdateOperationsInput.ts
      IntFilter.ts
      NestedEnumColorFilter.ts
      NestedIntFilter.ts
      NestedStringFilter.ts
      NestedStringNullableFilter.ts
      NullableStringFieldUpdateOperationsInput.ts
      PostCreateInput.ts
      PostCreateNestedManyWithoutAuthorInput.ts
      PostCreateOrConnectWithoutauthorInput.ts
      PostCreateWithoutAuthorInput.ts
      PostListRelationFilter.ts
      PostOrderByInput.ts
      PostScalarWhereInput.ts
      PostUpdateInput.ts
      PostUpdateManyMutationInput.ts
      PostUpdateManyWithWhereWithoutAuthorInput.ts
      PostUpdateManyWithoutAuthorInput.ts
      PostUpdateWithWhereUniqueWithoutAuthorInput.ts
      PostUpdateWithoutAuthorInput.ts
      PostUpsertWithWhereUniqueWithoutAuthorInput.ts
      PostWhereInput.ts
      PostWhereUniqueInput.ts
      StringFieldUpdateOperationsInput.ts
      StringFilter.ts
      StringNullableFilter.ts
      UserCreateInput.ts
      UserCreateNestedOneWithoutPostsInput.ts
      UserCreateOrConnectWithoutpostsInput.ts
      UserCreateWithoutPostsInput.ts
      UserOrderByInput.ts
      UserRelationFilter.ts
      UserUpdateInput.ts
      UserUpdateManyMutationInput.ts
      UserUpdateOneRequiredWithoutPostsInput.ts
      UserUpdateWithoutPostsInput.ts
      UserUpsertWithoutPostsInput.ts
      UserWhereInput.ts
      UserWhereUniqueInput.ts
      index.ts
    [outputs]
      AffectedRowsOutput.ts
      AggregatePost.ts
      AggregateUser.ts
      PostAvgAggregate.ts
      PostCountAggregate.ts
      PostMaxAggregate.ts
      PostMinAggregate.ts
      PostSumAggregate.ts
      UserAvgAggregate.ts
      UserCountAggregate.ts
      UserMaxAggregate.ts
      UserMinAggregate.ts
      UserSumAggregate.ts
      index.ts
    [relations]
      [Post]
        PostRelationsResolver.ts
      [User]
        UserRelationsResolver.ts
        [args]
          UserPostsArgs.ts
          index.ts
      args.index.ts
      index.ts
      resolvers.index.ts
"
`;
