// Jest Snapshot v1, https://goo.gl/fbAQLP

exports[`structure should generate *.js and *.d.ts files when emitTranspiledCode is set to true: structure 1`] = `
"
[type-graphql]
  enhance.d.ts
  enhance.js
  [enums]
    Color.d.ts
    Color.js
    PostScalarFieldEnum.d.ts
    PostScalarFieldEnum.js
    QueryMode.d.ts
    QueryMode.js
    SortOrder.d.ts
    SortOrder.js
    TransactionIsolationLevel.d.ts
    TransactionIsolationLevel.js
    UserScalarFieldEnum.d.ts
    UserScalarFieldEnum.js
    index.d.ts
    index.js
  helpers.d.ts
  helpers.js
  index.d.ts
  index.js
  [models]
    Post.d.ts
    Post.js
    User.d.ts
    User.js
    index.d.ts
    index.js
  [resolvers]
    [crud]
      [Post]
        AggregatePostResolver.d.ts
        AggregatePostResolver.js
        CreateManyPostResolver.d.ts
        CreateManyPostResolver.js
        CreateOnePostResolver.d.ts
        CreateOnePostResolver.js
        DeleteManyPostResolver.d.ts
        DeleteManyPostResolver.js
        DeleteOnePostResolver.d.ts
        DeleteOnePostResolver.js
        FindFirstPostResolver.d.ts
        FindFirstPostResolver.js
        FindManyPostResolver.d.ts
        FindManyPostResolver.js
        FindUniquePostResolver.d.ts
        FindUniquePostResolver.js
        GroupByPostResolver.d.ts
        GroupByPostResolver.js
        PostCrudResolver.d.ts
        PostCrudResolver.js
        UpdateManyPostResolver.d.ts
        UpdateManyPostResolver.js
        UpdateOnePostResolver.d.ts
        UpdateOnePostResolver.js
        UpsertOnePostResolver.d.ts
        UpsertOnePostResolver.js
        [args]
          AggregatePostArgs.d.ts
          AggregatePostArgs.js
          CreateManyPostArgs.d.ts
          CreateManyPostArgs.js
          CreateOnePostArgs.d.ts
          CreateOnePostArgs.js
          DeleteManyPostArgs.d.ts
          DeleteManyPostArgs.js
          DeleteOnePostArgs.d.ts
          DeleteOnePostArgs.js
          FindFirstPostArgs.d.ts
          FindFirstPostArgs.js
          FindManyPostArgs.d.ts
          FindManyPostArgs.js
          FindUniquePostArgs.d.ts
          FindUniquePostArgs.js
          GroupByPostArgs.d.ts
          GroupByPostArgs.js
          UpdateManyPostArgs.d.ts
          UpdateManyPostArgs.js
          UpdateOnePostArgs.d.ts
          UpdateOnePostArgs.js
          UpsertOnePostArgs.d.ts
          UpsertOnePostArgs.js
          index.d.ts
          index.js
      [User]
        AggregateUserResolver.d.ts
        AggregateUserResolver.js
        CreateManyUserResolver.d.ts
        CreateManyUserResolver.js
        CreateOneUserResolver.d.ts
        CreateOneUserResolver.js
        DeleteManyUserResolver.d.ts
        DeleteManyUserResolver.js
        DeleteOneUserResolver.d.ts
        DeleteOneUserResolver.js
        FindFirstUserResolver.d.ts
        FindFirstUserResolver.js
        FindManyUserResolver.d.ts
        FindManyUserResolver.js
        FindUniqueUserResolver.d.ts
        FindUniqueUserResolver.js
        GroupByUserResolver.d.ts
        GroupByUserResolver.js
        UpdateManyUserResolver.d.ts
        UpdateManyUserResolver.js
        UpdateOneUserResolver.d.ts
        UpdateOneUserResolver.js
        UpsertOneUserResolver.d.ts
        UpsertOneUserResolver.js
        UserCrudResolver.d.ts
        UserCrudResolver.js
        [args]
          AggregateUserArgs.d.ts
          AggregateUserArgs.js
          CreateManyUserArgs.d.ts
          CreateManyUserArgs.js
          CreateOneUserArgs.d.ts
          CreateOneUserArgs.js
          DeleteManyUserArgs.d.ts
          DeleteManyUserArgs.js
          DeleteOneUserArgs.d.ts
          DeleteOneUserArgs.js
          FindFirstUserArgs.d.ts
          FindFirstUserArgs.js
          FindManyUserArgs.d.ts
          FindManyUserArgs.js
          FindUniqueUserArgs.d.ts
          FindUniqueUserArgs.js
          GroupByUserArgs.d.ts
          GroupByUserArgs.js
          UpdateManyUserArgs.d.ts
          UpdateManyUserArgs.js
          UpdateOneUserArgs.d.ts
          UpdateOneUserArgs.js
          UpsertOneUserArgs.d.ts
          UpsertOneUserArgs.js
          index.d.ts
          index.js
      args.index.d.ts
      args.index.js
      index.d.ts
      index.js
      resolvers-actions.index.d.ts
      resolvers-actions.index.js
      resolvers-crud.index.d.ts
      resolvers-crud.index.js
    [inputs]
      EnumColorFieldUpdateOperationsInput.d.ts
      EnumColorFieldUpdateOperationsInput.js
      EnumColorFilter.d.ts
      EnumColorFilter.js
      EnumColorWithAggregatesFilter.d.ts
      EnumColorWithAggregatesFilter.js
      IntFieldUpdateOperationsInput.d.ts
      IntFieldUpdateOperationsInput.js
      IntFilter.d.ts
      IntFilter.js
      IntWithAggregatesFilter.d.ts
      IntWithAggregatesFilter.js
      NestedEnumColorFilter.d.ts
      NestedEnumColorFilter.js
      NestedEnumColorWithAggregatesFilter.d.ts
      NestedEnumColorWithAggregatesFilter.js
      NestedFloatFilter.d.ts
      NestedFloatFilter.js
      NestedIntFilter.d.ts
      NestedIntFilter.js
      NestedIntNullableFilter.d.ts
      NestedIntNullableFilter.js
      NestedIntWithAggregatesFilter.d.ts
      NestedIntWithAggregatesFilter.js
      NestedStringFilter.d.ts
      NestedStringFilter.js
      NestedStringNullableFilter.d.ts
      NestedStringNullableFilter.js
      NestedStringNullableWithAggregatesFilter.d.ts
      NestedStringNullableWithAggregatesFilter.js
      NestedStringWithAggregatesFilter.d.ts
      NestedStringWithAggregatesFilter.js
      NullableStringFieldUpdateOperationsInput.d.ts
      NullableStringFieldUpdateOperationsInput.js
      PostAvgOrderByAggregateInput.d.ts
      PostAvgOrderByAggregateInput.js
      PostCountOrderByAggregateInput.d.ts
      PostCountOrderByAggregateInput.js
      PostCreateInput.d.ts
      PostCreateInput.js
      PostCreateManyAuthorInput.d.ts
      PostCreateManyAuthorInput.js
      PostCreateManyAuthorInputEnvelope.d.ts
      PostCreateManyAuthorInputEnvelope.js
      PostCreateManyInput.d.ts
      PostCreateManyInput.js
      PostCreateNestedManyWithoutAuthorInput.d.ts
      PostCreateNestedManyWithoutAuthorInput.js
      PostCreateOrConnectWithoutAuthorInput.d.ts
      PostCreateOrConnectWithoutAuthorInput.js
      PostCreateWithoutAuthorInput.d.ts
      PostCreateWithoutAuthorInput.js
      PostListRelationFilter.d.ts
      PostListRelationFilter.js
      PostMaxOrderByAggregateInput.d.ts
      PostMaxOrderByAggregateInput.js
      PostMinOrderByAggregateInput.d.ts
      PostMinOrderByAggregateInput.js
      PostOrderByRelationAggregateInput.d.ts
      PostOrderByRelationAggregateInput.js
      PostOrderByWithAggregationInput.d.ts
      PostOrderByWithAggregationInput.js
      PostOrderByWithRelationInput.d.ts
      PostOrderByWithRelationInput.js
      PostScalarWhereInput.d.ts
      PostScalarWhereInput.js
      PostScalarWhereWithAggregatesInput.d.ts
      PostScalarWhereWithAggregatesInput.js
      PostSumOrderByAggregateInput.d.ts
      PostSumOrderByAggregateInput.js
      PostUpdateInput.d.ts
      PostUpdateInput.js
      PostUpdateManyMutationInput.d.ts
      PostUpdateManyMutationInput.js
      PostUpdateManyWithWhereWithoutAuthorInput.d.ts
      PostUpdateManyWithWhereWithoutAuthorInput.js
      PostUpdateManyWithoutAuthorNestedInput.d.ts
      PostUpdateManyWithoutAuthorNestedInput.js
      PostUpdateWithWhereUniqueWithoutAuthorInput.d.ts
      PostUpdateWithWhereUniqueWithoutAuthorInput.js
      PostUpdateWithoutAuthorInput.d.ts
      PostUpdateWithoutAuthorInput.js
      PostUpsertWithWhereUniqueWithoutAuthorInput.d.ts
      PostUpsertWithWhereUniqueWithoutAuthorInput.js
      PostWhereInput.d.ts
      PostWhereInput.js
      PostWhereUniqueInput.d.ts
      PostWhereUniqueInput.js
      StringFieldUpdateOperationsInput.d.ts
      StringFieldUpdateOperationsInput.js
      StringFilter.d.ts
      StringFilter.js
      StringNullableFilter.d.ts
      StringNullableFilter.js
      StringNullableWithAggregatesFilter.d.ts
      StringNullableWithAggregatesFilter.js
      StringWithAggregatesFilter.d.ts
      StringWithAggregatesFilter.js
      UserAvgOrderByAggregateInput.d.ts
      UserAvgOrderByAggregateInput.js
      UserCountOrderByAggregateInput.d.ts
      UserCountOrderByAggregateInput.js
      UserCreateInput.d.ts
      UserCreateInput.js
      UserCreateManyInput.d.ts
      UserCreateManyInput.js
      UserCreateNestedOneWithoutPostsInput.d.ts
      UserCreateNestedOneWithoutPostsInput.js
      UserCreateOrConnectWithoutPostsInput.d.ts
      UserCreateOrConnectWithoutPostsInput.js
      UserCreateWithoutPostsInput.d.ts
      UserCreateWithoutPostsInput.js
      UserMaxOrderByAggregateInput.d.ts
      UserMaxOrderByAggregateInput.js
      UserMinOrderByAggregateInput.d.ts
      UserMinOrderByAggregateInput.js
      UserOrderByWithAggregationInput.d.ts
      UserOrderByWithAggregationInput.js
      UserOrderByWithRelationInput.d.ts
      UserOrderByWithRelationInput.js
      UserRelationFilter.d.ts
      UserRelationFilter.js
      UserScalarWhereWithAggregatesInput.d.ts
      UserScalarWhereWithAggregatesInput.js
      UserSumOrderByAggregateInput.d.ts
      UserSumOrderByAggregateInput.js
      UserUpdateInput.d.ts
      UserUpdateInput.js
      UserUpdateManyMutationInput.d.ts
      UserUpdateManyMutationInput.js
      UserUpdateOneRequiredWithoutPostsNestedInput.d.ts
      UserUpdateOneRequiredWithoutPostsNestedInput.js
      UserUpdateWithoutPostsInput.d.ts
      UserUpdateWithoutPostsInput.js
      UserUpsertWithoutPostsInput.d.ts
      UserUpsertWithoutPostsInput.js
      UserWhereInput.d.ts
      UserWhereInput.js
      UserWhereUniqueInput.d.ts
      UserWhereUniqueInput.js
      index.d.ts
      index.js
    [outputs]
      AffectedRowsOutput.d.ts
      AffectedRowsOutput.js
      AggregatePost.d.ts
      AggregatePost.js
      AggregateUser.d.ts
      AggregateUser.js
      PostAvgAggregate.d.ts
      PostAvgAggregate.js
      PostCountAggregate.d.ts
      PostCountAggregate.js
      PostGroupBy.d.ts
      PostGroupBy.js
      PostMaxAggregate.d.ts
      PostMaxAggregate.js
      PostMinAggregate.d.ts
      PostMinAggregate.js
      PostSumAggregate.d.ts
      PostSumAggregate.js
      UserAvgAggregate.d.ts
      UserAvgAggregate.js
      UserCount.d.ts
      UserCount.js
      UserCountAggregate.d.ts
      UserCountAggregate.js
      UserGroupBy.d.ts
      UserGroupBy.js
      UserMaxAggregate.d.ts
      UserMaxAggregate.js
      UserMinAggregate.d.ts
      UserMinAggregate.js
      UserSumAggregate.d.ts
      UserSumAggregate.js
      index.d.ts
      index.js
    [relations]
      [Post]
        PostRelationsResolver.d.ts
        PostRelationsResolver.js
      [User]
        UserRelationsResolver.d.ts
        UserRelationsResolver.js
        [args]
          UserPostsArgs.d.ts
          UserPostsArgs.js
          index.d.ts
          index.js
      args.index.d.ts
      args.index.js
      index.d.ts
      index.js
      resolvers.index.d.ts
      resolvers.index.js
  scalars.d.ts
  scalars.js
"
`;

exports[`structure should generate proper folders and file names when model is renamed: structure 1`] = `
"
[type-graphql]
  enhance.ts
  [enums]
    Color.ts
    QueryMode.ts
    RenamedPostScalarFieldEnum.ts
    RenamedUserScalarFieldEnum.ts
    SortOrder.ts
    TransactionIsolationLevel.ts
    index.ts
  helpers.ts
  index.ts
  [models]
    RenamedPost.ts
    RenamedUser.ts
    index.ts
  [resolvers]
    [crud]
      [RenamedPost]
        AggregateRenamedPostResolver.ts
        CreateManyRenamedPostResolver.ts
        CreateOneRenamedPostResolver.ts
        DeleteManyRenamedPostResolver.ts
        DeleteOneRenamedPostResolver.ts
        FindFirstRenamedPostResolver.ts
        FindManyRenamedPostResolver.ts
        FindUniqueRenamedPostResolver.ts
        GroupByRenamedPostResolver.ts
        RenamedPostCrudResolver.ts
        UpdateManyRenamedPostResolver.ts
        UpdateOneRenamedPostResolver.ts
        UpsertOneRenamedPostResolver.ts
        [args]
          AggregateRenamedPostArgs.ts
          CreateManyRenamedPostArgs.ts
          CreateOneRenamedPostArgs.ts
          DeleteManyRenamedPostArgs.ts
          DeleteOneRenamedPostArgs.ts
          FindFirstRenamedPostArgs.ts
          FindManyRenamedPostArgs.ts
          FindUniqueRenamedPostArgs.ts
          GroupByRenamedPostArgs.ts
          UpdateManyRenamedPostArgs.ts
          UpdateOneRenamedPostArgs.ts
          UpsertOneRenamedPostArgs.ts
          index.ts
      [RenamedUser]
        AggregateRenamedUserResolver.ts
        CreateManyRenamedUserResolver.ts
        CreateOneRenamedUserResolver.ts
        DeleteManyRenamedUserResolver.ts
        DeleteOneRenamedUserResolver.ts
        FindFirstRenamedUserResolver.ts
        FindManyRenamedUserResolver.ts
        FindUniqueRenamedUserResolver.ts
        GroupByRenamedUserResolver.ts
        RenamedUserCrudResolver.ts
        UpdateManyRenamedUserResolver.ts
        UpdateOneRenamedUserResolver.ts
        UpsertOneRenamedUserResolver.ts
        [args]
          AggregateRenamedUserArgs.ts
          CreateManyRenamedUserArgs.ts
          CreateOneRenamedUserArgs.ts
          DeleteManyRenamedUserArgs.ts
          DeleteOneRenamedUserArgs.ts
          FindFirstRenamedUserArgs.ts
          FindManyRenamedUserArgs.ts
          FindUniqueRenamedUserArgs.ts
          GroupByRenamedUserArgs.ts
          UpdateManyRenamedUserArgs.ts
          UpdateOneRenamedUserArgs.ts
          UpsertOneRenamedUserArgs.ts
          index.ts
      args.index.ts
      index.ts
      resolvers-actions.index.ts
      resolvers-crud.index.ts
    [inputs]
      EnumColorFieldUpdateOperationsInput.ts
      EnumColorFilter.ts
      EnumColorWithAggregatesFilter.ts
      IntFieldUpdateOperationsInput.ts
      IntFilter.ts
      IntWithAggregatesFilter.ts
      NestedEnumColorFilter.ts
      NestedEnumColorWithAggregatesFilter.ts
      NestedFloatFilter.ts
      NestedIntFilter.ts
      NestedIntNullableFilter.ts
      NestedIntWithAggregatesFilter.ts
      NestedStringFilter.ts
      NestedStringNullableFilter.ts
      NestedStringNullableWithAggregatesFilter.ts
      NestedStringWithAggregatesFilter.ts
      NullableStringFieldUpdateOperationsInput.ts
      RenamedPostAvgOrderByAggregateInput.ts
      RenamedPostCountOrderByAggregateInput.ts
      RenamedPostCreateInput.ts
      RenamedPostCreateManyAuthorInput.ts
      RenamedPostCreateManyAuthorInputEnvelope.ts
      RenamedPostCreateManyInput.ts
      RenamedPostCreateNestedManyWithoutAuthorInput.ts
      RenamedPostCreateOrConnectWithoutAuthorInput.ts
      RenamedPostCreateWithoutAuthorInput.ts
      RenamedPostListRelationFilter.ts
      RenamedPostMaxOrderByAggregateInput.ts
      RenamedPostMinOrderByAggregateInput.ts
      RenamedPostOrderByRelationAggregateInput.ts
      RenamedPostOrderByWithAggregationInput.ts
      RenamedPostOrderByWithRelationInput.ts
      RenamedPostScalarWhereInput.ts
      RenamedPostScalarWhereWithAggregatesInput.ts
      RenamedPostSumOrderByAggregateInput.ts
      RenamedPostUpdateInput.ts
      RenamedPostUpdateManyMutationInput.ts
      RenamedPostUpdateManyWithWhereWithoutAuthorInput.ts
      RenamedPostUpdateManyWithoutAuthorNestedInput.ts
      RenamedPostUpdateWithWhereUniqueWithoutAuthorInput.ts
      RenamedPostUpdateWithoutAuthorInput.ts
      RenamedPostUpsertWithWhereUniqueWithoutAuthorInput.ts
      RenamedPostWhereInput.ts
      RenamedPostWhereUniqueInput.ts
      RenamedUserAvgOrderByAggregateInput.ts
      RenamedUserCountOrderByAggregateInput.ts
      RenamedUserCreateInput.ts
      RenamedUserCreateManyInput.ts
      RenamedUserCreateNestedOneWithoutPostsInput.ts
      RenamedUserCreateOrConnectWithoutPostsInput.ts
      RenamedUserCreateWithoutPostsInput.ts
      RenamedUserMaxOrderByAggregateInput.ts
      RenamedUserMinOrderByAggregateInput.ts
      RenamedUserOrderByWithAggregationInput.ts
      RenamedUserOrderByWithRelationInput.ts
      RenamedUserRelationFilter.ts
      RenamedUserScalarWhereWithAggregatesInput.ts
      RenamedUserSumOrderByAggregateInput.ts
      RenamedUserUpdateInput.ts
      RenamedUserUpdateManyMutationInput.ts
      RenamedUserUpdateOneRequiredWithoutPostsNestedInput.ts
      RenamedUserUpdateWithoutPostsInput.ts
      RenamedUserUpsertWithoutPostsInput.ts
      RenamedUserWhereInput.ts
      RenamedUserWhereUniqueInput.ts
      StringFieldUpdateOperationsInput.ts
      StringFilter.ts
      StringNullableFilter.ts
      StringNullableWithAggregatesFilter.ts
      StringWithAggregatesFilter.ts
      index.ts
    [outputs]
      AffectedRowsOutput.ts
      AggregateRenamedPost.ts
      AggregateRenamedUser.ts
      RenamedPostAvgAggregate.ts
      RenamedPostCountAggregate.ts
      RenamedPostGroupBy.ts
      RenamedPostMaxAggregate.ts
      RenamedPostMinAggregate.ts
      RenamedPostSumAggregate.ts
      RenamedUserAvgAggregate.ts
      RenamedUserCount.ts
      RenamedUserCountAggregate.ts
      RenamedUserGroupBy.ts
      RenamedUserMaxAggregate.ts
      RenamedUserMinAggregate.ts
      RenamedUserSumAggregate.ts
      index.ts
    [relations]
      [RenamedPost]
        RenamedPostRelationsResolver.ts
      [RenamedUser]
        RenamedUserRelationsResolver.ts
        [args]
          RenamedUserPostsArgs.ts
          index.ts
      args.index.ts
      index.ts
      resolvers.index.ts
  scalars.ts
"
`;

exports[`structure should generate proper folders and file names when model is renamed: structure 2`] = `
"
[type-graphql]
  enhance.ts
  [enums]
    Color.ts
    QueryMode.ts
    RenamedPostScalarFieldEnum.ts
    RenamedUserScalarFieldEnum.ts
    SortOrder.ts
    TransactionIsolationLevel.ts
    index.ts
  helpers.ts
  index.ts
  [models]
    RenamedPost.ts
    RenamedUser.ts
    index.ts
  [resolvers]
    [crud]
      [RenamedPost]
        AggregateRenamedPostResolver.ts
        CreateManyRenamedPostResolver.ts
        CreateOneRenamedPostResolver.ts
        DeleteManyRenamedPostResolver.ts
        DeleteOneRenamedPostResolver.ts
        FindFirstRenamedPostResolver.ts
        FindManyRenamedPostResolver.ts
        FindUniqueRenamedPostResolver.ts
        GroupByRenamedPostResolver.ts
        RenamedPostCrudResolver.ts
        UpdateManyRenamedPostResolver.ts
        UpdateOneRenamedPostResolver.ts
        UpsertOneRenamedPostResolver.ts
        [args]
          AggregateRenamedPostArgs.ts
          CreateManyRenamedPostArgs.ts
          CreateOneRenamedPostArgs.ts
          DeleteManyRenamedPostArgs.ts
          DeleteOneRenamedPostArgs.ts
          FindFirstRenamedPostArgs.ts
          FindManyRenamedPostArgs.ts
          FindUniqueRenamedPostArgs.ts
          GroupByRenamedPostArgs.ts
          UpdateManyRenamedPostArgs.ts
          UpdateOneRenamedPostArgs.ts
          UpsertOneRenamedPostArgs.ts
          index.ts
      [RenamedUser]
        AggregateRenamedUserResolver.ts
        CreateManyRenamedUserResolver.ts
        CreateOneRenamedUserResolver.ts
        DeleteManyRenamedUserResolver.ts
        DeleteOneRenamedUserResolver.ts
        FindFirstRenamedUserResolver.ts
        FindManyRenamedUserResolver.ts
        FindUniqueRenamedUserResolver.ts
        GroupByRenamedUserResolver.ts
        RenamedUserCrudResolver.ts
        UpdateManyRenamedUserResolver.ts
        UpdateOneRenamedUserResolver.ts
        UpsertOneRenamedUserResolver.ts
        [args]
          AggregateRenamedUserArgs.ts
          CreateManyRenamedUserArgs.ts
          CreateOneRenamedUserArgs.ts
          DeleteManyRenamedUserArgs.ts
          DeleteOneRenamedUserArgs.ts
          FindFirstRenamedUserArgs.ts
          FindManyRenamedUserArgs.ts
          FindUniqueRenamedUserArgs.ts
          GroupByRenamedUserArgs.ts
          UpdateManyRenamedUserArgs.ts
          UpdateOneRenamedUserArgs.ts
          UpsertOneRenamedUserArgs.ts
          index.ts
      args.index.ts
      index.ts
      resolvers-actions.index.ts
      resolvers-crud.index.ts
    [inputs]
      EnumColorFieldUpdateOperationsInput.ts
      EnumColorFilter.ts
      EnumColorWithAggregatesFilter.ts
      IntFieldUpdateOperationsInput.ts
      IntFilter.ts
      IntWithAggregatesFilter.ts
      NestedEnumColorFilter.ts
      NestedEnumColorWithAggregatesFilter.ts
      NestedFloatFilter.ts
      NestedIntFilter.ts
      NestedIntNullableFilter.ts
      NestedIntWithAggregatesFilter.ts
      NestedStringFilter.ts
      NestedStringNullableFilter.ts
      NestedStringNullableWithAggregatesFilter.ts
      NestedStringWithAggregatesFilter.ts
      NullableStringFieldUpdateOperationsInput.ts
      RenamedPostAvgOrderByAggregateInput.ts
      RenamedPostCountOrderByAggregateInput.ts
      RenamedPostCreateInput.ts
      RenamedPostCreateManyAuthorInput.ts
      RenamedPostCreateManyAuthorInputEnvelope.ts
      RenamedPostCreateManyInput.ts
      RenamedPostCreateNestedManyWithoutAuthorInput.ts
      RenamedPostCreateOrConnectWithoutAuthorInput.ts
      RenamedPostCreateWithoutAuthorInput.ts
      RenamedPostListRelationFilter.ts
      RenamedPostMaxOrderByAggregateInput.ts
      RenamedPostMinOrderByAggregateInput.ts
      RenamedPostOrderByRelationAggregateInput.ts
      RenamedPostOrderByWithAggregationInput.ts
      RenamedPostOrderByWithRelationInput.ts
      RenamedPostScalarWhereInput.ts
      RenamedPostScalarWhereWithAggregatesInput.ts
      RenamedPostSumOrderByAggregateInput.ts
      RenamedPostUpdateInput.ts
      RenamedPostUpdateManyMutationInput.ts
      RenamedPostUpdateManyWithWhereWithoutAuthorInput.ts
      RenamedPostUpdateManyWithoutAuthorNestedInput.ts
      RenamedPostUpdateWithWhereUniqueWithoutAuthorInput.ts
      RenamedPostUpdateWithoutAuthorInput.ts
      RenamedPostUpsertWithWhereUniqueWithoutAuthorInput.ts
      RenamedPostWhereInput.ts
      RenamedPostWhereUniqueInput.ts
      RenamedUserAvgOrderByAggregateInput.ts
      RenamedUserCountOrderByAggregateInput.ts
      RenamedUserCreateInput.ts
      RenamedUserCreateManyInput.ts
      RenamedUserCreateNestedOneWithoutPostsInput.ts
      RenamedUserCreateOrConnectWithoutPostsInput.ts
      RenamedUserCreateWithoutPostsInput.ts
      RenamedUserMaxOrderByAggregateInput.ts
      RenamedUserMinOrderByAggregateInput.ts
      RenamedUserOrderByWithAggregationInput.ts
      RenamedUserOrderByWithRelationInput.ts
      RenamedUserRelationFilter.ts
      RenamedUserScalarWhereWithAggregatesInput.ts
      RenamedUserSumOrderByAggregateInput.ts
      RenamedUserUpdateInput.ts
      RenamedUserUpdateManyMutationInput.ts
      RenamedUserUpdateOneRequiredWithoutPostsNestedInput.ts
      RenamedUserUpdateWithoutPostsInput.ts
      RenamedUserUpsertWithoutPostsInput.ts
      RenamedUserWhereInput.ts
      RenamedUserWhereUniqueInput.ts
      StringFieldUpdateOperationsInput.ts
      StringFilter.ts
      StringNullableFilter.ts
      StringNullableWithAggregatesFilter.ts
      StringWithAggregatesFilter.ts
      index.ts
    [outputs]
      AffectedRowsOutput.ts
      AggregateRenamedPost.ts
      AggregateRenamedUser.ts
      RenamedPostAvgAggregate.ts
      RenamedPostCountAggregate.ts
      RenamedPostGroupBy.ts
      RenamedPostMaxAggregate.ts
      RenamedPostMinAggregate.ts
      RenamedPostSumAggregate.ts
      RenamedUserAvgAggregate.ts
      RenamedUserCount.ts
      RenamedUserCountAggregate.ts
      RenamedUserGroupBy.ts
      RenamedUserMaxAggregate.ts
      RenamedUserMinAggregate.ts
      RenamedUserSumAggregate.ts
      index.ts
    [relations]
      [RenamedPost]
        RenamedPostRelationsResolver.ts
      [RenamedUser]
        RenamedUserRelationsResolver.ts
        [args]
          RenamedUserPostsArgs.ts
          index.ts
      args.index.ts
      index.ts
      resolvers.index.ts
  scalars.ts
"
`;

exports[`structure should generate proper folders structure and file names for complex datamodel: structure 1`] = `
"
[type-graphql]
  enhance.ts
  [enums]
    Color.ts
    PostScalarFieldEnum.ts
    QueryMode.ts
    SortOrder.ts
    TransactionIsolationLevel.ts
    UserScalarFieldEnum.ts
    index.ts
  helpers.ts
  index.ts
  [models]
    Post.ts
    User.ts
    index.ts
  [resolvers]
    [crud]
      [Post]
        AggregatePostResolver.ts
        CreateManyPostResolver.ts
        CreateOnePostResolver.ts
        DeleteManyPostResolver.ts
        DeleteOnePostResolver.ts
        FindFirstPostResolver.ts
        FindManyPostResolver.ts
        FindUniquePostResolver.ts
        GroupByPostResolver.ts
        PostCrudResolver.ts
        UpdateManyPostResolver.ts
        UpdateOnePostResolver.ts
        UpsertOnePostResolver.ts
        [args]
          AggregatePostArgs.ts
          CreateManyPostArgs.ts
          CreateOnePostArgs.ts
          DeleteManyPostArgs.ts
          DeleteOnePostArgs.ts
          FindFirstPostArgs.ts
          FindManyPostArgs.ts
          FindUniquePostArgs.ts
          GroupByPostArgs.ts
          UpdateManyPostArgs.ts
          UpdateOnePostArgs.ts
          UpsertOnePostArgs.ts
          index.ts
      [User]
        AggregateUserResolver.ts
        CreateManyUserResolver.ts
        CreateOneUserResolver.ts
        DeleteManyUserResolver.ts
        DeleteOneUserResolver.ts
        FindFirstUserResolver.ts
        FindManyUserResolver.ts
        FindUniqueUserResolver.ts
        GroupByUserResolver.ts
        UpdateManyUserResolver.ts
        UpdateOneUserResolver.ts
        UpsertOneUserResolver.ts
        UserCrudResolver.ts
        [args]
          AggregateUserArgs.ts
          CreateManyUserArgs.ts
          CreateOneUserArgs.ts
          DeleteManyUserArgs.ts
          DeleteOneUserArgs.ts
          FindFirstUserArgs.ts
          FindManyUserArgs.ts
          FindUniqueUserArgs.ts
          GroupByUserArgs.ts
          UpdateManyUserArgs.ts
          UpdateOneUserArgs.ts
          UpsertOneUserArgs.ts
          index.ts
      args.index.ts
      index.ts
      resolvers-actions.index.ts
      resolvers-crud.index.ts
    [inputs]
      EnumColorFieldUpdateOperationsInput.ts
      EnumColorFilter.ts
      EnumColorWithAggregatesFilter.ts
      IntFieldUpdateOperationsInput.ts
      IntFilter.ts
      IntWithAggregatesFilter.ts
      NestedEnumColorFilter.ts
      NestedEnumColorWithAggregatesFilter.ts
      NestedFloatFilter.ts
      NestedIntFilter.ts
      NestedIntNullableFilter.ts
      NestedIntWithAggregatesFilter.ts
      NestedStringFilter.ts
      NestedStringNullableFilter.ts
      NestedStringNullableWithAggregatesFilter.ts
      NestedStringWithAggregatesFilter.ts
      NullableStringFieldUpdateOperationsInput.ts
      PostAvgOrderByAggregateInput.ts
      PostCountOrderByAggregateInput.ts
      PostCreateInput.ts
      PostCreateManyAuthorInput.ts
      PostCreateManyAuthorInputEnvelope.ts
      PostCreateManyInput.ts
      PostCreateNestedManyWithoutAuthorInput.ts
      PostCreateOrConnectWithoutAuthorInput.ts
      PostCreateWithoutAuthorInput.ts
      PostListRelationFilter.ts
      PostMaxOrderByAggregateInput.ts
      PostMinOrderByAggregateInput.ts
      PostOrderByRelationAggregateInput.ts
      PostOrderByWithAggregationInput.ts
      PostOrderByWithRelationInput.ts
      PostScalarWhereInput.ts
      PostScalarWhereWithAggregatesInput.ts
      PostSumOrderByAggregateInput.ts
      PostUpdateInput.ts
      PostUpdateManyMutationInput.ts
      PostUpdateManyWithWhereWithoutAuthorInput.ts
      PostUpdateManyWithoutAuthorNestedInput.ts
      PostUpdateWithWhereUniqueWithoutAuthorInput.ts
      PostUpdateWithoutAuthorInput.ts
      PostUpsertWithWhereUniqueWithoutAuthorInput.ts
      PostWhereInput.ts
      PostWhereUniqueInput.ts
      StringFieldUpdateOperationsInput.ts
      StringFilter.ts
      StringNullableFilter.ts
      StringNullableWithAggregatesFilter.ts
      StringWithAggregatesFilter.ts
      UserAvgOrderByAggregateInput.ts
      UserCountOrderByAggregateInput.ts
      UserCreateInput.ts
      UserCreateManyInput.ts
      UserCreateNestedOneWithoutPostsInput.ts
      UserCreateOrConnectWithoutPostsInput.ts
      UserCreateWithoutPostsInput.ts
      UserMaxOrderByAggregateInput.ts
      UserMinOrderByAggregateInput.ts
      UserOrderByWithAggregationInput.ts
      UserOrderByWithRelationInput.ts
      UserRelationFilter.ts
      UserScalarWhereWithAggregatesInput.ts
      UserSumOrderByAggregateInput.ts
      UserUpdateInput.ts
      UserUpdateManyMutationInput.ts
      UserUpdateOneRequiredWithoutPostsNestedInput.ts
      UserUpdateWithoutPostsInput.ts
      UserUpsertWithoutPostsInput.ts
      UserWhereInput.ts
      UserWhereUniqueInput.ts
      index.ts
    [outputs]
      AffectedRowsOutput.ts
      AggregatePost.ts
      AggregateUser.ts
      PostAvgAggregate.ts
      PostCountAggregate.ts
      PostGroupBy.ts
      PostMaxAggregate.ts
      PostMinAggregate.ts
      PostSumAggregate.ts
      UserAvgAggregate.ts
      UserCount.ts
      UserCountAggregate.ts
      UserGroupBy.ts
      UserMaxAggregate.ts
      UserMinAggregate.ts
      UserSumAggregate.ts
      index.ts
    [relations]
      [Post]
        PostRelationsResolver.ts
      [User]
        UserRelationsResolver.ts
        [args]
          UserPostsArgs.ts
          index.ts
      args.index.ts
      index.ts
      resolvers.index.ts
  scalars.ts
"
`;
