// Jest Snapshot v1, https://goo.gl/fbAQLP

exports[`crud resolvers execution should properly map aliased input field values to prisma input values: findManyUser call args 1`] = `
Array [
  Array [
    Object {
      "cursor": undefined,
      "distinct": undefined,
      "orderBy": undefined,
      "skip": undefined,
      "take": undefined,
      "where": UserWhereInput {
        "AND": undefined,
        "NOT": undefined,
        "OR": undefined,
        "dateOfBirth": undefined,
        "id": undefined,
        "name": StringFilter {
          "contains": undefined,
          "endsWith": undefined,
          "equals": "John",
          "gt": undefined,
          "gte": undefined,
          "in": undefined,
          "lt": undefined,
          "lte": undefined,
          "mode": undefined,
          "not": undefined,
          "notIn": undefined,
          "startsWith": undefined,
        },
      },
    },
  ],
]
`;

exports[`crud resolvers execution should properly resolve aliased field values from prisma model values: user mocked response 1`] = `
Object {
  "user": Object {
    "dateOfBirth": "2019-12-31T14:16:02.572Z",
    "firstName": "John",
    "id": 1,
  },
}
`;
